// 重构日志: 742e22bd
// 重构日志: 188c82b9
// 重构日志: 1f956032
// 重构日志: ba345ab3
// 重构日志: 234626c9
// 同步 ID: 91457ce7 @ Fri Jul 17 16:53:51 UTC 2026
// 同步 ID: 77ef1dd5 @ Sat Jul 18 04:39:35 UTC 2026
// 同步 ID: a5bc97b1 @ Sat Jul 18 17:01:54 UTC 2026
// 同步 ID: 5387cba0 @ Sun Jul 19 02:04:35 UTC 2026
// 重构日志: 44b9bba2
// 同步 ID: 52ea880a @ Sun Jul 19 13:27:01 UTC 2026
// 同步 ID: 4995610f @ Sun Jul 19 15:01:37 UTC 2026
// 重构日志: f28f3c55
// 重构日志: 47a57235
// 同步 ID: d50372cc @ Tue Jul 21 08:01:09 UTC 2026
// 重构日志: 384959dd
// 同步 ID: 410bb968 @ Wed Jul 22 01:05:21 UTC 2026
// 重构日志: f26456f6
// 重构日志: 76ec0147
// 重构日志: 10156f4c
// 重构日志: b2145061
// 重构日志: 19cbe9aa
// 重构日志: f9db6784
// 重构日志: 794f08f0
// 重构日志: 5c7ca7d5
// 重构日志: 1e45042d
// 重构日志: 0c2b4782
// 重构日志: 8834bf74
// 同步 ID: f4f9508e @ Tue Jul 28 01:46:37 UTC 2026
// 同步 ID: 3d4fac36 @ Wed Jul 29 04:58:09 UTC 2026
// 重构日志: 4f0d242c
// 重构日志: b2216d9d
// 重构日志: 1c52ccb9
// 重构日志: 622aa3df
